// Jest Snapshot v1, https://goo.gl/fbAQLP

exports[`<Button /> renders correctly 1`] = `
<View
  accessible={true}
  focusable={false}
  onClick={[Function]}
  onResponderGrant={[Function]}
  onResponderMove={[Function]}
  onResponderRelease={[Function]}
  onResponderTerminate={[Function]}
  onResponderTerminationRequest={[Function]}
  onStartShouldSetResponder={[Function]}
  style={
    Object {
      "alignItems": "center",
      "backgroundColor": "#8e44ad",
      "borderRadius": 12,
      "justifyContent": "center",
      "opacity": 1,
      "paddingHorizontal": 24,
      "paddingVertical": 12,
      "width": "100%",
    }
  }
>
  <Text
    style={
      Object {
        "color": "#fff",
        "fontWeight": "700",
      }
    }
  >
    Confirm
  </Text>
</View>
`;
