// Jest Snapshot v1, https://goo.gl/fbAQLP

exports[`<Text Input /> renders correctly 1`] = `
<RCTSafeAreaView
  emulateUnlessSupported={true}
>
  <TextInput
    allowFontScaling={true}
    onChangeText={[Function]}
    rejectResponderTermination={true}
    style={
      Object {
        "alignItems": "center",
        "backgroundColor": "rgba(196, 181, 253, 1)",
        "borderBottomWidth": 4,
        "borderLeftWidth": 4,
        "borderRightWidth": 4,
        "borderTopWidth": 4,
        "justifyContent": "flex-start",
        "marginBottom": 16,
        "marginLeft": 16,
        "marginRight": 16,
        "marginTop": 16,
        "paddingBottom": 6,
        "paddingLeft": 12,
        "paddingRight": 12,
        "paddingTop": 6,
        "width": "75%",
      }
    }
    underlineColorAndroid="transparent"
    value="Enter some text"
  />
</RCTSafeAreaView>
`;
