// Jest Snapshot v1, https://goo.gl/fbAQLP

exports[`<Text Input /> renders correctly 1`] = `
<TextInput
  allowFontScaling={true}
  onBlur={[Function]}
  onChangeText={[Function]}
  onFocus={[Function]}
  placeholder="Enter some text here"
  placeholderTextColor="white"
  rejectResponderTermination={true}
  style={
    Object {
      "backgroundColor": "rgba(96, 165, 250, 1)",
      "borderBottomWidth": 2,
      "borderLeftWidth": 2,
      "borderRightWidth": 2,
      "borderTopWidth": 2,
      "color": "rgba(55, 65, 81, 1)",
      "height": 96,
      "marginBottom": 16,
      "marginLeft": 16,
      "marginRight": 16,
      "marginTop": 16,
      "paddingLeft": 8,
      "paddingRight": 8,
      "textAlign": "justify",
      "width": "75%",
    }
  }
  underlineColorAndroid="transparent"
/>
`;
